[2026-06-10 17:18:38] [INFO] Aplikacja uruchomiona
[2026-06-10 17:18:47] [INFO] Załadowano plik: opcja_logo.JPEG
[2026-06-10 17:18:58] [INFO] Wykonano operację: Konturowanie
[2026-06-10 17:19:05] [INFO] Wykonano operację: Progowanie (próg=255)
[2026-06-10 17:19:17] [INFO] Wykonano skalowanie: 200x300 px
[2026-06-10 17:19:26] [INFO] Zapisano plik: opcjastudia.jpg
[2026-06-10 17:24:56] [INFO] Aplikacja uruchomiona
[2026-06-10 17:25:38] [INFO] Załadowano plik: DSC_8317.jpeg
[2026-06-10 17:25:45] [INFO] Wykonano operację: Progowanie (próg=128)
[2026-06-10 17:25:53] [INFO] Wykonano obrót: -90°
[2026-06-10 17:25:53] [INFO] Wykonano obrót: -90°
[2026-06-10 17:25:53] [INFO] Wykonano obrót: -90°
[2026-06-10 17:25:53] [INFO] Wykonano obrót: -90°
[2026-06-10 17:25:54] [INFO] Wykonano obrót: -90°
[2026-06-10 17:25:54] [INFO] Wykonano obrót: -90°
[2026-06-10 17:25:55] [INFO] Wykonano obrót: -90°
[2026-06-10 17:25:56] [INFO] Wykonano obrót: -90°
[2026-06-10 17:26:35] [INFO] Aplikacja zamknięta
[2026-06-10 17:27:07] [INFO] Aplikacja uruchomiona
[2026-06-10 17:27:17] [INFO] Załadowano plik: pawian_Mariusz_wynik.jpg
[2026-06-10 17:27:25] [INFO] Wykonano operację: Progowanie (próg=255)
[2026-06-10 17:27:33] [INFO] Wykonano operację: Progowanie (próg=128)
[2026-06-10 17:28:28] [INFO] Aplikacja zamknięta
[2026-06-10 17:29:37] [INFO] Aplikacja uruchomiona
[2026-06-10 17:29:45] [INFO] Załadowano plik: opcja_logo.JPEG
[2026-06-10 17:29:48] [INFO] Wykonano operację: Konturowanie
[2026-06-10 17:29:51] [INFO] Wykonano operację: Progowanie (próg=128)
[2026-06-10 17:29:57] [INFO] Wykonano operację: Negatyw
[2026-06-10 17:30:01] [INFO] Wykonano operację: Konturowanie
[2026-06-10 17:30:05] [INFO] Wykonano operację: Rozmycie
[2026-06-10 17:30:10] [INFO] Aplikacja zamknięta
[2026-06-10 17:35:58] [INFO] Aplikacja uruchomiona
[2026-06-10 17:36:08] [INFO] Załadowano plik: opcja_logo.JPEG
[2026-06-10 17:36:10] [INFO] Wykonano operację: Konturowanie
[2026-06-10 17:36:20] [INFO] Zapisano plik: abc.jpg
[2026-06-10 17:37:39] [INFO] Wykonano operację: Progowanie (próg=128)
[2026-06-10 17:37:46] [INFO] Wykonano operację: Progowanie (próg=128)
[2026-06-10 17:41:21] [INFO] Aplikacja zamknięta
[2026-06-10 17:41:35] [INFO] Aplikacja uruchomiona
[2026-06-10 17:41:44] [INFO] Załadowano plik: opcja_logo.JPEG
[2026-06-10 17:41:51] [INFO] Wykonano operację: Progowanie (próg=128)
[2026-06-10 17:44:45] [INFO] Aplikacja uruchomiona
[2026-06-10 17:44:52] [INFO] Aplikacja zamknięta
[2026-06-10 17:46:02] [INFO] Aplikacja uruchomiona
[2026-06-10 17:46:11] [INFO] Załadowano plik: opcja_logo.JPEG
[2026-06-10 17:50:18] [INFO] Wykonano obrót: 90°
[2026-06-10 17:50:19] [INFO] Wykonano obrót: 90°
[2026-06-10 17:50:19] [INFO] Wykonano obrót: 90°
[2026-06-10 17:50:20] [INFO] Wykonano obrót: 90°
[2026-06-10 17:51:46] [INFO] Aplikacja uruchomiona
[2026-06-10 17:51:53] [INFO] Załadowano plik: opcja_logo.JPEG
[2026-06-10 17:51:55] [INFO] Wykonano operację: Konturowanie
[2026-06-10 17:51:58] [INFO] Aplikacja zamknięta
[2026-06-10 17:53:31] [INFO] Aplikacja uruchomiona
[2026-06-10 17:53:44] [INFO] Załadowano plik: cover.jpg
[2026-06-10 17:53:50] [INFO] Wykonano operację: Progowanie (próg=128)
[2026-06-10 17:54:57] [INFO] Wykonano operację: Progowanie (próg=12)
[2026-06-10 17:55:06] [INFO] Zapisano plik: obraz1.jpg
